  Determinando los proyectos que se van a restaurar...
D:\Proyecto inventario tiendas\back_tienda\back_tienda.csproj : warning NU1608: Se detect├│ una versi├│n del paquete fuera de la restricci├│n de dependencia: AutoMapper.Extensions.Microsoft.DependencyInjection 12.0.1 requiere AutoMapper (= 12.0.1), pero la versi├│n AutoMapper 13.0.1 ya se resolvi├│. [D:\Proyecto inventario tiendas\back_tienda\back_tienda.sln]
  Todos los proyectos est├ín actualizados para la restauraci├│n.
D:\Proyecto inventario tiendas\back_tienda\back_tienda.csproj : warning NU1608: Se detect├│ una versi├│n del paquete fuera de la restricci├│n de dependencia: AutoMapper.Extensions.Microsoft.DependencyInjection 12.0.1 requiere AutoMapper (= 12.0.1), pero la versi├│n AutoMapper 13.0.1 ya se resolvi├│.
D:\Proyecto inventario tiendas\back_tienda\Program.cs(26,18): error CS0121: La llamada es ambigua entre los m├®todos o las propiedades siguientes: 'Microsoft.Extensions.DependencyInjection.ServiceCollectionExtensions.AddAutoMapper(Microsoft.Extensions.DependencyInjection.IServiceCollection, params System.Type[])' y 'Microsoft.Extensions.DependencyInjection.ServiceCollectionExtensions.AddAutoMapper(Microsoft.Extensions.DependencyInjection.IServiceCollection, params System.Type[])' [D:\Proyecto inventario tiendas\back_tienda\back_tienda.csproj]
D:\Proyecto inventario tiendas\back_tienda\Application\Services\AuthService.cs(158,29): warning CS1998: El m├®todo asincr├│nico carece de operadores "await" y se ejecutar├í de forma sincr├│nica. Puede usar el operador 'await' para esperar llamadas API que no sean de bloqueo o 'await Task.Run(...)' para hacer tareas enlazadas a la CPU en un subproceso en segundo plano. [D:\Proyecto inventario tiendas\back_tienda\back_tienda.csproj]

ERROR al compilar.

D:\Proyecto inventario tiendas\back_tienda\back_tienda.csproj : warning NU1608: Se detect├│ una versi├│n del paquete fuera de la restricci├│n de dependencia: AutoMapper.Extensions.Microsoft.DependencyInjection 12.0.1 requiere AutoMapper (= 12.0.1), pero la versi├│n AutoMapper 13.0.1 ya se resolvi├│. [D:\Proyecto inventario tiendas\back_tienda\back_tienda.sln]
D:\Proyecto inventario tiendas\back_tienda\back_tienda.csproj : warning NU1608: Se detect├│ una versi├│n del paquete fuera de la restricci├│n de dependencia: AutoMapper.Extensions.Microsoft.DependencyInjection 12.0.1 requiere AutoMapper (= 12.0.1), pero la versi├│n AutoMapper 13.0.1 ya se resolvi├│.
D:\Proyecto inventario tiendas\back_tienda\Application\Services\AuthService.cs(158,29): warning CS1998: El m├®todo asincr├│nico carece de operadores "await" y se ejecutar├í de forma sincr├│nica. Puede usar el operador 'await' para esperar llamadas API que no sean de bloqueo o 'await Task.Run(...)' para hacer tareas enlazadas a la CPU en un subproceso en segundo plano. [D:\Proyecto inventario tiendas\back_tienda\back_tienda.csproj]
D:\Proyecto inventario tiendas\back_tienda\Program.cs(26,18): error CS0121: La llamada es ambigua entre los m├®todos o las propiedades siguientes: 'Microsoft.Extensions.DependencyInjection.ServiceCollectionExtensions.AddAutoMapper(Microsoft.Extensions.DependencyInjection.IServiceCollection, params System.Type[])' y 'Microsoft.Extensions.DependencyInjection.ServiceCollectionExtensions.AddAutoMapper(Microsoft.Extensions.DependencyInjection.IServiceCollection, params System.Type[])' [D:\Proyecto inventario tiendas\back_tienda\back_tienda.csproj]
    3 Advertencia(s)
    1 Errores

Tiempo transcurrido 00:00:01.38

Hay actualizaciones de carga de trabajo disponibles. Ejecute "dotnet workload list" para obtener m├ís informaci├│n.
