  Determinando los proyectos que se van a restaurar...
  Todos los proyectos est├ín actualizados para la restauraci├│n.
D:\Proyecto inventario tiendas\back_tienda\Controllers\AuthController.cs(29,69): error CS1061: "UsuarioDto" no contiene una definici├│n para "Id" ni un m├®todo de extensi├│n accesible "Id" que acepte un primer argumento del tipo "UsuarioDto" (┬┐falta alguna directiva using o una referencia de ensamblado?) [D:\Proyecto inventario tiendas\back_tienda\back_tienda.csproj]
D:\Proyecto inventario tiendas\back_tienda\Controllers\VentasController.cs(43,66): error CS1061: "VentaDto" no contiene una definici├│n para "Id" ni un m├®todo de extensi├│n accesible "Id" que acepte un primer argumento del tipo "VentaDto" (┬┐falta alguna directiva using o una referencia de ensamblado?) [D:\Proyecto inventario tiendas\back_tienda\back_tienda.csproj]
D:\Proyecto inventario tiendas\back_tienda\Controllers\ComprasController.cs(44,67): error CS1061: "CompraDto" no contiene una definici├│n para "Id" ni un m├®todo de extensi├│n accesible "Id" que acepte un primer argumento del tipo "CompraDto" (┬┐falta alguna directiva using o una referencia de ensamblado?) [D:\Proyecto inventario tiendas\back_tienda\back_tienda.csproj]
D:\Proyecto inventario tiendas\back_tienda\Controllers\TiendasController.cs(47,67): error CS1061: "TiendaDto" no contiene una definici├│n para "Id" ni un m├®todo de extensi├│n accesible "Id" que acepte un primer argumento del tipo "TiendaDto" (┬┐falta alguna directiva using o una referencia de ensamblado?) [D:\Proyecto inventario tiendas\back_tienda\back_tienda.csproj]
D:\Proyecto inventario tiendas\back_tienda\Controllers\ProductosController.cs(54,69): error CS1061: "ProductoDto" no contiene una definici├│n para "Id" ni un m├®todo de extensi├│n accesible "Id" que acepte un primer argumento del tipo "ProductoDto" (┬┐falta alguna directiva using o una referencia de ensamblado?) [D:\Proyecto inventario tiendas\back_tienda\back_tienda.csproj]
D:\Proyecto inventario tiendas\back_tienda\Application\Services\AuthService.cs(158,29): warning CS1998: El m├®todo asincr├│nico carece de operadores "await" y se ejecutar├í de forma sincr├│nica. Puede usar el operador 'await' para esperar llamadas API que no sean de bloqueo o 'await Task.Run(...)' para hacer tareas enlazadas a la CPU en un subproceso en segundo plano. [D:\Proyecto inventario tiendas\back_tienda\back_tienda.csproj]

ERROR al compilar.

D:\Proyecto inventario tiendas\back_tienda\Application\Services\AuthService.cs(158,29): warning CS1998: El m├®todo asincr├│nico carece de operadores "await" y se ejecutar├í de forma sincr├│nica. Puede usar el operador 'await' para esperar llamadas API que no sean de bloqueo o 'await Task.Run(...)' para hacer tareas enlazadas a la CPU en un subproceso en segundo plano. [D:\Proyecto inventario tiendas\back_tienda\back_tienda.csproj]
D:\Proyecto inventario tiendas\back_tienda\Controllers\AuthController.cs(29,69): error CS1061: "UsuarioDto" no contiene una definici├│n para "Id" ni un m├®todo de extensi├│n accesible "Id" que acepte un primer argumento del tipo "UsuarioDto" (┬┐falta alguna directiva using o una referencia de ensamblado?) [D:\Proyecto inventario tiendas\back_tienda\back_tienda.csproj]
D:\Proyecto inventario tiendas\back_tienda\Controllers\VentasController.cs(43,66): error CS1061: "VentaDto" no contiene una definici├│n para "Id" ni un m├®todo de extensi├│n accesible "Id" que acepte un primer argumento del tipo "VentaDto" (┬┐falta alguna directiva using o una referencia de ensamblado?) [D:\Proyecto inventario tiendas\back_tienda\back_tienda.csproj]
D:\Proyecto inventario tiendas\back_tienda\Controllers\ComprasController.cs(44,67): error CS1061: "CompraDto" no contiene una definici├│n para "Id" ni un m├®todo de extensi├│n accesible "Id" que acepte un primer argumento del tipo "CompraDto" (┬┐falta alguna directiva using o una referencia de ensamblado?) [D:\Proyecto inventario tiendas\back_tienda\back_tienda.csproj]
D:\Proyecto inventario tiendas\back_tienda\Controllers\TiendasController.cs(47,67): error CS1061: "TiendaDto" no contiene una definici├│n para "Id" ni un m├®todo de extensi├│n accesible "Id" que acepte un primer argumento del tipo "TiendaDto" (┬┐falta alguna directiva using o una referencia de ensamblado?) [D:\Proyecto inventario tiendas\back_tienda\back_tienda.csproj]
D:\Proyecto inventario tiendas\back_tienda\Controllers\ProductosController.cs(54,69): error CS1061: "ProductoDto" no contiene una definici├│n para "Id" ni un m├®todo de extensi├│n accesible "Id" que acepte un primer argumento del tipo "ProductoDto" (┬┐falta alguna directiva using o una referencia de ensamblado?) [D:\Proyecto inventario tiendas\back_tienda\back_tienda.csproj]
    1 Advertencia(s)
    5 Errores

Tiempo transcurrido 00:00:01.42

Hay actualizaciones de carga de trabajo disponibles. Ejecute "dotnet workload list" para obtener m├ís informaci├│n.
